11:15:58 [__main__] INFO: ============================================================
11:15:58 [__main__] INFO: 三臂协同仿真系统 启动中...
11:15:58 [__main__] INFO: 配置文件: D:\00WCH\ufactory_vision-main\ggcnn_grasping_demo\simulation\config_sim_3arms.json
11:15:58 [__main__] INFO: 日志文件: D:\00WCH\ufactory_vision-main\ggcnn_grasping_demo\simulation\sim_3arm\logs\sim3arm_20260807_111558.log
11:15:58 [__main__] INFO: ============================================================
11:15:58 [sim_coordinator] INFO: 已加载 3 个臂的仿真配置 (server=http://192.168.1.121:8080)
11:15:58 [__main__] INFO: 检查仿真服务器连通性 http://127.0.0.1:1 ...
11:15:58 [urllib3.connectionpool] DEBUG: Starting new HTTP connection (1): 127.0.0.1:1
11:16:00 [simulation_client] WARNING: 无法连接仿真服务器 http://127.0.0.1:1: HTTPConnectionPool(host='127.0.0.1', port=1): Max retries exceeded with url: / (Caused by NewConnectionError("HTTPConnection(host='127.0.0.1', port=1): Failed to establish a new connection: [WinError 10061] 由于目标计算机积极拒绝，无法连接。"))
11:16:00 [__main__] WARNING: 无法连接仿真服务器 http://127.0.0.1:1 — 程序将继续运行，抓取任务将发送失败（可改用 --server 指定地址）。
11:16:00 [builtin_camera] INFO: BuiltinCamera 初始化: 640x480 fx=615.0 fy=615.0 table_depth=0.50m objects=3
11:16:00 [global_camera] INFO: GlobalCamera 初始化: 640x480 全局场景物块 3 个
11:16:00 [__main__] INFO: 全局摄像头初始化完成: 640x480 物块=3
11:16:00 [__main__] INFO: 初始化 SimCoordinator...
11:16:00 [multi_arm.coordinator] INFO: [SafetyMonitor] 启动 (间隔 0.10s)
11:16:00 [__main__] INFO: 创建 SimArmController-0 (Arm-Left)...
11:16:00 [__main__] INFO: 创建 SimArmController-1 (Arm-Center)...
11:16:00 [__main__] INFO: 创建 SimArmController-2 (Arm-Right)...
11:16:00 [__main__] INFO: 初始化 SimVisualizer...
11:16:00 [__main__] INFO: 启动所有子系统...
11:16:00 [multi_arm.coordinator] INFO: [Coordinator] Arm-0 已注册
11:16:00 [sim_arm_controller] WARNING: Arm-0: 无相机模式 — 使用虚拟深度图
11:16:00 [sim_arm_controller] INFO: SimArmController-0 线程已启动
11:16:00 [sim_arm_controller] INFO: Arm-0: 进入主循环
11:16:01 [multi_arm.coordinator] INFO: [Coordinator] Arm-1 已注册
11:16:01 [sim_arm_controller] WARNING: Arm-1: 无相机模式 — 使用虚拟深度图
11:16:01 [sim_arm_controller] INFO: Arm-1: 进入主循环
11:16:01 [sim_arm_controller] INFO: SimArmController-1 线程已启动
11:16:01 [multi_arm.coordinator] INFO: [Coordinator] Arm-2 已注册
11:16:01 [sim_arm_controller] WARNING: Arm-2: 无相机模式 — 使用虚拟深度图
11:16:01 [sim_arm_controller] INFO: Arm-2: 进入主循环
11:16:01 [sim_arm_controller] INFO: SimArmController-2 线程已启动
11:16:02 [sim_visualizer] INFO: SimVisualizer 渲染循环开始
11:16:02 [sim_visualizer] INFO: SimVisualizer 已启动
11:16:02 [__main__] INFO: ============================================================
11:16:02 [__main__] INFO: 系统运行中 — 按 q 或 ESC 退出
11:16:02 [__main__] INFO: ============================================================
